// Jest Snapshot v1, https://goo.gl/fbAQLP

exports[`Input Component Component renders correctly simple empty field 1`] = `
<React.Fragment>
  <div
    className="ready-only-input"
  >
    <label>
      test label
    </label>
    <input
      readOnly={true}
      type="text"
      value="test value"
    />
  </div>
</React.Fragment>
`;
