// Jest Snapshot v1, https://goo.gl/fbAQLP

exports[`Checkbox Component Component renders correctly 1`] = `
<div
  className="checkbox-component"
>
  <input
    aria-checked={false}
    aria-label="option1"
    className="visually-hidden"
    defaultChecked={false}
    id="option1"
    name="option1"
    onChange={[Function]}
    type="checkbox"
  />
  <label
    className="checkbox-component_label"
    htmlFor="option1"
  >
    option1
  </label>
</div>
`;
