// Jest Snapshot v1, https://goo.gl/fbAQLP

exports[`Counter Component Component renders correctly 1`] = `
<div
  className="counter-component"
>
  
  <div
    className="counter-component_input-wrapper"
  >
    <div
      className="counter-component_btn counter-component_btn-decrement disabled"
      onClick={[Function]}
    />
    <input
      className="counter-component_input"
      min="0"
      onChange={[Function]}
      type="number"
      value={0}
    />
    <div
      className="counter-component_btn counter-component_btn-increment"
      onClick={[Function]}
    />
  </div>
</div>
`;
